// Jest Snapshot v1, https://goo.gl/fbAQLP

exports[`LandForSaleListItem renders the component 1`] = `
<TouchableHighlight
  activeOpacity={0.85}
  delayPressOut={100}
  onPress={[Function]}
  underlayColor="black"
>
  <Component
    style={
      Object {
        "alignItems": "center",
        "justifyContent": "center",
        "marginBottom": 13.34,
        "paddingBottom": 40.019999999999996,
        "paddingLeft": 22.5,
        "paddingRight": 22.5,
        "paddingTop": 40.019999999999996,
      }
    }
  >
    <LandForSale
      landForSale={
        Object {
          "asset": Object {
            "id": -1,
            "img": "https://decentraland.org/images/logo-65f7b27caf.png",
            "name": "Not found",
          },
          "id": 123,
          "priceMana": 0,
          "priceUSD": 0,
        }
      }
    />
  </Component>
</TouchableHighlight>
`;
