// Jest Snapshot v1, https://goo.gl/fbAQLP

exports[`LandRow renders the component 1`] = `
<TouchableHighlight
  activeOpacity={0.85}
  delayPressOut={100}
  underlayColor="black"
>
  <Component
    style={
      Object {
        "alignItems": "center",
        "justifyContent": "center",
        "marginBottom": 5,
        "padding": 15,
      }
    }
  >
    <Land />
  </Component>
</TouchableHighlight>
`;
