// Jest Snapshot v1, https://goo.gl/fbAQLP

exports[`Land renders the component 1`] = `
<Component
  style={
    Object {
      "width": 450,
    }
  }
>
  <Component
    source={
      Object {
        "uri": 1,
      }
    }
    style={
      Object {
        "height": 266.8,
        "width": 450,
      }
    }
  />
  <Component>
    Not found
  </Component>
  <Component>
    0
     MANA (~$
    0
    )
  </Component>
</Component>
`;
