// Jest Snapshot v1, https://goo.gl/fbAQLP

exports[`LandForSale renders the component 1`] = `
<Component
  style={
    Object {
      "width": 712.5,
    }
  }
>
  <Estate
    estate={
      Object {
        "id": "123",
        "img": "https://api.decentraland.org/v1/estates/1/map.png",
        "name": "Sample Estate",
        "type": "ESTATE",
      }
    }
  />
  <Component>
    0
     MANA
  </Component>
</Component>
`;
