// Jest Snapshot v1, https://goo.gl/fbAQLP

exports[`LandForSaleInfo renders the component 1`] = `
<Component
  style={
    Object {
      "flexDirection": "row",
      "justifyContent": "space-between",
    }
  }
>
  <Component
    style={
      Object {
        "paddingTop": 13.34,
        "width": 375,
      }
    }
  >
    <Component
      style={
        Object {
          "color": "#2B2B2B",
          "fontWeight": "bold",
        }
      }
    >
      Sample Estate
    </Component>
  </Component>
  <LandForSalePrice
    price="0"
  />
</Component>
`;
