// Jest Snapshot v1, https://goo.gl/fbAQLP

exports[`LandForSale renders the component 1`] = `
<Component
  style={
    Object {
      "width": 712.5,
    }
  }
>
  <Estate
    estate={
      Object {
        "id": "123",
        "img": "https://api.decentraland.org/v1/estates/1/map.png",
        "name": "Sample Estate",
        "type": "ESTATE",
      }
    }
  />
  <Component
    style={
      Object {
        "flexDirection": "row",
        "justifyContent": "space-between",
      }
    }
  >
    <Component>
      <Component
        style={
          Object {
            "color": "#2B2B2B",
            "width": 375,
          }
        }
      >
        Sample Estate
      </Component>
    </Component>
    <Component
      style={
        Object {
          "alignItems": "center",
          "flexDirection": "row",
        }
      }
    >
      <Component>
        <Styled(Button)
          onPress={[Function]}
          small={true}
          transparent={true}
        >
          <Styled(Icon)
            name="information-circle-outline"
            style={
              Object {
                "marginLeft": 11.25,
                "marginRight": 11.25,
              }
            }
          />
        </Styled(Button)>
      </Component>
      <Component>
        <Component
          style={
            Object {
              "color": "#2B2B2B",
              "fontSize": 61.191865835619396,
              "fontWeight": "bold",
            }
          }
        >
          0
        </Component>
      </Component>
    </Component>
  </Component>
</Component>
`;
