// Jest Snapshot v1, https://goo.gl/fbAQLP

exports[`LandForSaleInfo renders the component 1`] = `
<Component
  style={
    Object {
      "flexDirection": "row",
      "justifyContent": "space-between",
    }
  }
>
  <Component
    style={
      Object {
        "paddingTop": 13.34,
        "width": 375,
      }
    }
  >
    <Component
      style={
        Object {
          "color": "#2B2B2B",
          "fontWeight": "bold",
        }
      }
    >
      Sample Estate
    </Component>
  </Component>
  <Component
    style={
      Object {
        "alignItems": "center",
        "flexDirection": "row",
      }
    }
  >
    <Component>
      <Styled(Button)
        onPress={[Function]}
        small={true}
        transparent={true}
      >
        <Styled(Icon)
          name="information-circle-outline"
          style={
            Object {
              "marginLeft": 11.25,
              "marginRight": 11.25,
            }
          }
        />
      </Styled(Button)>
    </Component>
    <Component>
      <Component
        style={
          Object {
            "color": "#2B2B2B",
            "fontSize": 61.191865835619396,
            "fontWeight": "bold",
            "paddingTop": 2.668,
          }
        }
      >
        0
      </Component>
    </Component>
  </Component>
</Component>
`;
