// Jest Snapshot v1, https://goo.gl/fbAQLP

/* eslint-disable jest/no-large-snapshots */
exports[`MyProfile renders the component 1`] = `
<Component
  style={
    Object {
      "alignItems": "flex-start",
      "backgroundColor": "black",
      "flex": 1,
      "flexDirection": "column",
      "justifyContent": "flex-start",
    }
  }
>
  <MyProfileProgress
    progress={0.5}
  />
  <Component
    style={
      Object {
        "alignItems": "flex-start",
        "flex": 5,
        "flexDirection": "column",
        "justifyContent": "flex-start",
        "paddingLeft": 90,
      }
    }
  >
    <MyProfileCreationStatusItem
      key="Account created"
      name="Account created"
      status="done"
    />
    <MyProfileCreationStatusItem
      key="ETH"
      name="ETH"
      status="pending"
    />
    <MyProfileCreationStatusItem
      key="MANA"
      name="MANA"
      status="missing"
    />
  </Component>
  <Component
    style={
      Object {
        "alignItems": "center",
        "flex": 1,
        "justifyContent": "center",
      }
    }
  >
    <Button
      onPress={[Function]}
      title="Connect wallet"
    />
  </Component>
</Component>
`;
